0 verbose cli /usr/bin/node /usr/bin/npm
1 info using npm@10.8.2
2 info using node@v18.20.8
3 silly config load:file:/usr/lib/node_modules/npm/npmrc
4 silly config load:file:/home/ubuntu/.npmrc
5 silly config load:file:/usr/etc/npmrc
6 verbose title npm install
7 verbose argv "install"
8 verbose logfile logs-max:10 dir:/home/ubuntu/.npm/_logs/2026-05-06T06_41_29_112Z-
9 verbose logfile /home/ubuntu/.npm/_logs/2026-05-06T06_41_29_112Z-debug-0.log
10 silly packumentCache heap:1552678912 maxSize:388169728 maxEntrySize:194084864
11 silly logfile done cleaning log files
12 silly idealTree buildDeps
13 silly reify moves {}
14 verbose stack Error: Could not read package.json: Error: ENOENT: no such file or directory, open '/home/ubuntu/package.json'
15 error code ENOENT
16 error syscall open
17 error path /home/ubuntu/package.json
18 error errno -2
19 error enoent Could not read package.json: Error: ENOENT: no such file or directory, open '/home/ubuntu/package.json'
20 error enoent This is related to npm not being able to find a file.
20 error enoent
21 verbose cwd /home/ubuntu
22 verbose os Linux 6.6.87.2-microsoft-standard-WSL2
23 verbose node v18.20.8
24 verbose npm  v10.8.2
25 verbose exit -2
26 verbose code -2
27 error A complete log of this run can be found in: /home/ubuntu/.npm/_logs/2026-05-06T06_41_29_112Z-debug-0.log
