0 verbose cli /usr/bin/node /usr/bin/npm
1 info using npm@10.8.2
2 info using node@v18.20.8
3 silly config load:file:/usr/lib/node_modules/npm/npmrc
4 silly config load:file:/home/ubuntu/mywebapp/.npmrc
5 silly config load:file:/home/ubuntu/.npmrc
6 silly config load:file:/usr/etc/npmrc
7 verbose title npm install
8 verbose argv "install"
9 verbose logfile logs-max:10 dir:/home/ubuntu/.npm/_logs/2026-05-06T06_55_49_813Z-
10 verbose logfile /home/ubuntu/.npm/_logs/2026-05-06T06_55_49_813Z-debug-0.log
11 silly packumentCache heap:1552678912 maxSize:388169728 maxEntrySize:194084864
12 silly logfile done cleaning log files
13 silly idealTree buildDeps
14 silly reify moves {}
15 silly audit report null
16 verbose cwd /home/ubuntu/mywebapp
17 verbose os Linux 6.6.87.2-microsoft-standard-WSL2
18 verbose node v18.20.8
19 verbose npm  v10.8.2
20 verbose exit 0
21 info ok
