0 verbose cli /usr/bin/node /usr/bin/npm
1 info using npm@10.8.2
2 info using node@v18.20.8
3 silly config load:file:/usr/lib/node_modules/npm/npmrc
4 silly config load:file:/home/ubuntu/mywebapp/.npmrc
5 silly config load:file:/home/ubuntu/.npmrc
6 silly config load:file:/usr/etc/npmrc
7 verbose title npm install
8 verbose argv "install"
9 verbose logfile logs-max:10 dir:/home/ubuntu/.npm/_logs/2026-05-06T06_44_01_871Z-
10 verbose logfile /home/ubuntu/.npm/_logs/2026-05-06T06_44_01_871Z-debug-0.log
11 silly packumentCache heap:1552678912 maxSize:388169728 maxEntrySize:194084864
12 silly logfile done cleaning log files
13 silly idealTree buildDeps
14 silly reify moves {}
15 verbose stack Error: Could not read package.json: Error: ENOENT: no such file or directory, open '/home/ubuntu/mywebapp/package.json'
16 error code ENOENT
17 error syscall open
18 error path /home/ubuntu/mywebapp/package.json
19 error errno -2
20 error enoent Could not read package.json: Error: ENOENT: no such file or directory, open '/home/ubuntu/mywebapp/package.json'
21 error enoent This is related to npm not being able to find a file.
21 error enoent
22 verbose cwd /home/ubuntu/mywebapp
23 verbose os Linux 6.6.87.2-microsoft-standard-WSL2
24 verbose node v18.20.8
25 verbose npm  v10.8.2
26 verbose exit -2
27 verbose code -2
28 error A complete log of this run can be found in: /home/ubuntu/.npm/_logs/2026-05-06T06_44_01_871Z-debug-0.log
