[2026-05-09 09:52:54 +0000] [14906] [INFO] Starting gunicorn 26.0.0
[2026-05-09 09:52:54 +0000] [14906] [INFO] Listening at: http://0.0.0.0:5000 (14906)
[2026-05-09 09:52:54 +0000] [14906] [INFO] Using worker: sync
[2026-05-09 09:52:54 +0000] [14911] [INFO] Booting worker with pid: 14911
[2026-05-09 09:52:54 +0000] [14911] [ERROR] Exception in worker process
Traceback (most recent call last):
  File "/home/ubuntu/task-tracker/venv/lib/python3.14/site-packages/gunicorn/arbiter.py", line 713, in spawn_worker
    worker.init_process()
    ~~~~~~~~~~~~~~~~~~~^^
  File "/home/ubuntu/task-tracker/venv/lib/python3.14/site-packages/gunicorn/workers/base.py", line 136, in init_process
    self.load_wsgi()
    ~~~~~~~~~~~~~~^^
  File "/home/ubuntu/task-tracker/venv/lib/python3.14/site-packages/gunicorn/workers/base.py", line 148, in load_wsgi
    self.wsgi = self.app.wsgi()
                ~~~~~~~~~~~~~^^
  File "/home/ubuntu/task-tracker/venv/lib/python3.14/site-packages/gunicorn/app/base.py", line 66, in wsgi
    self.callable = self.load()
                    ~~~~~~~~~^^
  File "/home/ubuntu/task-tracker/venv/lib/python3.14/site-packages/gunicorn/app/wsgiapp.py", line 57, in load
    return self.load_wsgiapp()
           ~~~~~~~~~~~~~~~~~^^
  File "/home/ubuntu/task-tracker/venv/lib/python3.14/site-packages/gunicorn/app/wsgiapp.py", line 47, in load_wsgiapp
    return util.import_app(self.app_uri)
           ~~~~~~~~~~~~~~~^^^^^^^^^^^^^^
  File "/home/ubuntu/task-tracker/venv/lib/python3.14/site-packages/gunicorn/util.py", line 411, in import_app
    mod = importlib.import_module(module)
  File "/usr/lib/python3.14/importlib/__init__.py", line 88, in import_module
    return _bootstrap._gcd_import(name[level:], package, level)
           ~~~~~~~~~~~~~~~~~~~~~~^^^^^^^^^^^^^^^^^^^^^^^^^^^^^^
  File "<frozen importlib._bootstrap>", line 1406, in _gcd_import
  File "<frozen importlib._bootstrap>", line 1371, in _find_and_load
  File "<frozen importlib._bootstrap>", line 1335, in _find_and_load_unlocked
ModuleNotFoundError: No module named 'app'
No module named 'app'
[2026-05-09 09:52:54 +0000] [14911] [INFO] Worker exiting (pid: 14911)
[2026-05-09 09:52:54 +0000] [14906] [ERROR] Worker (pid:14911) exited with code 3.
[2026-05-09 09:52:54 +0000] [14906] [INFO] Control socket listening at /run/user/1000/gunicorn.ctl
[2026-05-09 09:52:56 +0000] [14906] [ERROR] Shutting down: Master
[2026-05-09 09:52:56 +0000] [14906] [ERROR] Reason: Worker failed to boot.
[2026-05-09 10:27:41 +0000] [15874] [INFO] Starting gunicorn 26.0.0
[2026-05-09 10:27:41 +0000] [15874] [INFO] Listening at: http://0.0.0.0:5000 (15874)
[2026-05-09 10:27:41 +0000] [15874] [INFO] Using worker: sync
[2026-05-09 10:27:41 +0000] [15879] [INFO] Booting worker with pid: 15879
[2026-05-09 10:27:41 +0000] [15879] [ERROR] Exception in worker process
Traceback (most recent call last):
  File "/home/ubuntu/task-tracker/venv/lib/python3.14/site-packages/gunicorn/arbiter.py", line 713, in spawn_worker
    worker.init_process()
    ~~~~~~~~~~~~~~~~~~~^^
  File "/home/ubuntu/task-tracker/venv/lib/python3.14/site-packages/gunicorn/workers/base.py", line 136, in init_process
    self.load_wsgi()
    ~~~~~~~~~~~~~~^^
  File "/home/ubuntu/task-tracker/venv/lib/python3.14/site-packages/gunicorn/workers/base.py", line 148, in load_wsgi
    self.wsgi = self.app.wsgi()
                ~~~~~~~~~~~~~^^
  File "/home/ubuntu/task-tracker/venv/lib/python3.14/site-packages/gunicorn/app/base.py", line 66, in wsgi
    self.callable = self.load()
                    ~~~~~~~~~^^
  File "/home/ubuntu/task-tracker/venv/lib/python3.14/site-packages/gunicorn/app/wsgiapp.py", line 57, in load
    return self.load_wsgiapp()
           ~~~~~~~~~~~~~~~~~^^
  File "/home/ubuntu/task-tracker/venv/lib/python3.14/site-packages/gunicorn/app/wsgiapp.py", line 47, in load_wsgiapp
    return util.import_app(self.app_uri)
           ~~~~~~~~~~~~~~~^^^^^^^^^^^^^^
  File "/home/ubuntu/task-tracker/venv/lib/python3.14/site-packages/gunicorn/util.py", line 411, in import_app
    mod = importlib.import_module(module)
  File "/usr/lib/python3.14/importlib/__init__.py", line 88, in import_module
    return _bootstrap._gcd_import(name[level:], package, level)
           ~~~~~~~~~~~~~~~~~~~~~~^^^^^^^^^^^^^^^^^^^^^^^^^^^^^^
  File "<frozen importlib._bootstrap>", line 1406, in _gcd_import
  File "<frozen importlib._bootstrap>", line 1371, in _find_and_load
  File "<frozen importlib._bootstrap>", line 1335, in _find_and_load_unlocked
ModuleNotFoundError: No module named 'app'
No module named 'app'
[2026-05-09 10:27:41 +0000] [15879] [INFO] Worker exiting (pid: 15879)
[2026-05-09 10:27:41 +0000] [15874] [INFO] Control socket listening at /run/user/1000/gunicorn.ctl
[2026-05-09 10:27:41 +0000] [15874] [ERROR] Worker (pid:15879) exited with code 3.
[2026-05-09 10:27:41 +0000] [15874] [ERROR] Shutting down: Master
[2026-05-09 10:27:41 +0000] [15874] [ERROR] Reason: Worker failed to boot.
